Sat Feb 28 14:19:48 UTC 2026: Daily automated update for DevSync compliance.
Sat Feb 28 14:30:18 UTC 2026: Daily automated update for DevSync compliance.
Sun Mar  1 04:32:28 UTC 2026: Daily automated update for DevSync compliance.
Mon Mar  2 04:25:04 UTC 2026: Daily automated update for DevSync compliance.
Tue Mar  3 04:24:44 UTC 2026: Daily automated update for DevSync compliance.
Wed Mar  4 04:19:00 UTC 2026: Daily automated update for DevSync compliance.
Thu Mar  5 04:22:14 UTC 2026: Daily automated update for DevSync compliance.
Fri Mar  6 04:18:47 UTC 2026: Daily automated update for DevSync compliance.
Sat Mar  7 04:10:58 UTC 2026: Daily automated update for DevSync compliance.
Sun Mar  8 04:22:08 UTC 2026: Daily automated update for DevSync compliance.
Mon Mar  9 04:28:41 UTC 2026: Daily automated update for DevSync compliance.
Tue Mar 10 04:19:37 UTC 2026: Daily automated update for DevSync compliance.
Wed Mar 11 04:20:00 UTC 2026: Daily automated update for DevSync compliance.
Thu Mar 12 04:23:40 UTC 2026: Daily automated update for DevSync compliance.
Fri Mar 13 04:22:33 UTC 2026: Daily automated update for DevSync compliance.
Sat Mar 14 04:20:51 UTC 2026: Daily automated update for DevSync compliance.
Sun Mar 15 04:42:53 UTC 2026: Daily automated update for DevSync compliance.
Mon Mar 16 05:02:02 UTC 2026: Daily automated update for DevSync compliance.
Tue Mar 17 04:28:35 UTC 2026: Daily automated update for DevSync compliance.
Wed Mar 18 04:33:51 UTC 2026: Daily automated update for DevSync compliance.
Thu Mar 19 04:32:44 UTC 2026: Daily automated update for DevSync compliance.
Fri Mar 20 04:24:15 UTC 2026: Daily automated update for DevSync compliance.
Sat Mar 21 04:15:38 UTC 2026: Daily automated update for DevSync compliance.
Sun Mar 22 04:30:56 UTC 2026: Daily automated update for DevSync compliance.
Mon Mar 23 04:39:21 UTC 2026: Daily automated update for DevSync compliance.
Tue Mar 24 04:29:15 UTC 2026: Daily automated update for DevSync compliance.
Wed Mar 25 04:30:56 UTC 2026: Daily automated update for DevSync compliance.
Thu Mar 26 04:42:45 UTC 2026: Daily automated update for DevSync compliance.
Fri Mar 27 04:43:34 UTC 2026: Daily automated update for DevSync compliance.
Sat Mar 28 04:30:54 UTC 2026: Daily automated update for DevSync compliance.
Sun Mar 29 04:58:11 UTC 2026: Daily automated update for DevSync compliance.
Mon Mar 30 05:09:14 UTC 2026: Daily automated update for DevSync compliance.
Tue Mar 31 04:56:43 UTC 2026: Daily automated update for DevSync compliance.
Wed Apr  1 05:09:56 UTC 2026: Daily automated update for DevSync compliance.
Thu Apr  2 04:39:44 UTC 2026: Daily automated update for DevSync compliance.
Fri Apr  3 04:40:30 UTC 2026: Daily automated update for DevSync compliance.
Sat Apr  4 04:27:48 UTC 2026: Daily automated update for DevSync compliance.
Sun Apr  5 04:58:40 UTC 2026: Daily automated update for DevSync compliance.
Mon Apr  6 05:08:48 UTC 2026: Daily automated update for DevSync compliance.
Tue Apr  7 04:43:51 UTC 2026: Daily automated update for DevSync compliance.
Wed Apr  8 04:58:44 UTC 2026: Daily automated update for DevSync compliance.
Thu Apr  9 04:43:32 UTC 2026: Daily automated update for DevSync compliance.
Fri Apr 10 05:10:38 UTC 2026: Daily automated update for DevSync compliance.
Sat Apr 11 04:31:46 UTC 2026: Daily automated update for DevSync compliance.
Sun Apr 12 05:09:08 UTC 2026: Daily automated update for DevSync compliance.
Mon Apr 13 05:25:51 UTC 2026: Daily automated update for DevSync compliance.
Tue Apr 14 05:08:28 UTC 2026: Daily automated update for DevSync compliance.
Wed Apr 15 05:08:56 UTC 2026: Daily automated update for DevSync compliance.
Thu Apr 16 05:15:06 UTC 2026: Daily automated update for DevSync compliance.
Fri Apr 17 05:13:26 UTC 2026: Daily automated update for DevSync compliance.
Sat Apr 18 04:43:12 UTC 2026: Daily automated update for DevSync compliance.
Sun Apr 19 05:13:46 UTC 2026: Daily automated update for DevSync compliance.
Mon Apr 20 05:24:02 UTC 2026: Daily automated update for DevSync compliance.
Tue Apr 21 05:11:49 UTC 2026: Daily automated update for DevSync compliance.
Wed Apr 22 05:10:39 UTC 2026: Daily automated update for DevSync compliance.
Thu Apr 23 05:14:08 UTC 2026: Daily automated update for DevSync compliance.
Fri Apr 24 05:18:50 UTC 2026: Daily automated update for DevSync compliance.
Sat Apr 25 04:58:23 UTC 2026: Daily automated update for DevSync compliance.
Sun Apr 26 05:22:45 UTC 2026: Daily automated update for DevSync compliance.
Mon Apr 27 05:37:28 UTC 2026: Daily automated update for DevSync compliance.
Tue Apr 28 05:42:48 UTC 2026: Daily automated update for DevSync compliance.
Wed Apr 29 05:37:46 UTC 2026: Daily automated update for DevSync compliance.
Thu Apr 30 05:42:27 UTC 2026: Daily automated update for DevSync compliance.
Fri May  1 05:51:22 UTC 2026: Daily automated update for DevSync compliance.
Sat May  2 05:21:46 UTC 2026: Daily automated update for DevSync compliance.
Sun May  3 05:40:57 UTC 2026: Daily automated update for DevSync compliance.
Mon May  4 05:46:30 UTC 2026: Daily automated update for DevSync compliance.
Tue May  5 05:25:44 UTC 2026: Daily automated update for DevSync compliance.
Wed May  6 05:40:42 UTC 2026: Daily automated update for DevSync compliance.
Thu May  7 05:43:51 UTC 2026: Daily automated update for DevSync compliance.
Fri May  8 05:14:36 UTC 2026: Daily automated update for DevSync compliance.
Sat May  9 05:32:05 UTC 2026: Daily automated update for DevSync compliance.
Sun May 10 05:47:02 UTC 2026: Daily automated update for DevSync compliance.
Mon May 11 06:11:27 UTC 2026: Daily automated update for DevSync compliance.
Tue May 12 05:49:52 UTC 2026: Daily automated update for DevSync compliance.
Wed May 13 06:00:29 UTC 2026: Daily automated update for DevSync compliance.
Thu May 14 06:00:11 UTC 2026: Daily automated update for DevSync compliance.
Fri May 15 06:06:55 UTC 2026: Daily automated update for DevSync compliance.
Sat May 16 05:38:31 UTC 2026: Daily automated update for DevSync compliance.
Sun May 17 05:58:41 UTC 2026: Daily automated update for DevSync compliance.
Mon May 18 06:36:06 UTC 2026: Daily automated update for DevSync compliance.
Tue May 19 06:30:59 UTC 2026: Daily automated update for DevSync compliance.
Wed May 20 06:30:36 UTC 2026: Daily automated update for DevSync compliance.
Thu May 21 06:32:30 UTC 2026: Daily automated update for DevSync compliance.
Fri May 22 06:29:54 UTC 2026: Daily automated update for DevSync compliance.
Sat May 23 05:50:23 UTC 2026: Daily automated update for DevSync compliance.
Sun May 24 06:13:45 UTC 2026: Daily automated update for DevSync compliance.
Mon May 25 06:50:03 UTC 2026: Daily automated update for DevSync compliance.
Tue May 26 06:29:35 UTC 2026: Daily automated update for DevSync compliance.
Wed May 27 06:43:32 UTC 2026: Daily automated update for DevSync compliance.
Thu May 28 06:34:44 UTC 2026: Daily automated update for DevSync compliance.
Fri May 29 06:35:47 UTC 2026: Daily automated update for DevSync compliance.
Sat May 30 05:58:59 UTC 2026: Daily automated update for DevSync compliance.
Sun May 31 06:37:49 UTC 2026: Daily automated update for DevSync compliance.
Mon Jun  1 07:27:08 UTC 2026: Daily automated update for DevSync compliance.
Tue Jun  2 07:05:15 UTC 2026: Daily automated update for DevSync compliance.
Wed Jun  3 07:18:40 UTC 2026: Daily automated update for DevSync compliance.
Thu Jun  4 06:59:04 UTC 2026: Daily automated update for DevSync compliance.
Fri Jun  5 06:47:13 UTC 2026: Daily automated update for DevSync compliance.
Sat Jun  6 06:05:46 UTC 2026: Daily automated update for DevSync compliance.
Sun Jun  7 06:46:15 UTC 2026: Daily automated update for DevSync compliance.
Mon Jun  8 07:11:01 UTC 2026: Daily automated update for DevSync compliance.
Tue Jun  9 06:30:07 UTC 2026: Daily automated update for DevSync compliance.
Wed Jun 10 06:46:43 UTC 2026: Daily automated update for DevSync compliance.
Thu Jun 11 07:12:18 UTC 2026: Daily automated update for DevSync compliance.
Fri Jun 12 06:58:55 UTC 2026: Daily automated update for DevSync compliance.
Sat Jun 13 06:35:16 UTC 2026: Daily automated update for DevSync compliance.
Sun Jun 14 07:03:53 UTC 2026: Daily automated update for DevSync compliance.
Mon Jun 15 07:42:31 UTC 2026: Daily automated update for DevSync compliance.
Tue Jun 16 08:23:49 UTC 2026: Daily automated update for DevSync compliance.
Wed Jun 17 07:31:02 UTC 2026: Daily automated update for DevSync compliance.
Thu Jun 18 07:13:52 UTC 2026: Daily automated update for DevSync compliance.
Fri Jun 19 07:35:08 UTC 2026: Daily automated update for DevSync compliance.
Sat Jun 20 06:44:09 UTC 2026: Daily automated update for DevSync compliance.
Sun Jun 21 07:13:52 UTC 2026: Daily automated update for DevSync compliance.
Mon Jun 22 08:34:27 UTC 2026: Daily automated update for DevSync compliance.
Tue Jun 23 06:30:19 UTC 2026: Daily automated update for DevSync compliance.
Wed Jun 24 06:27:38 UTC 2026: Daily automated update for DevSync compliance.
Thu Jun 25 06:30:13 UTC 2026: Daily automated update for DevSync compliance.
Fri Jun 26 06:32:54 UTC 2026: Daily automated update for DevSync compliance.
Sat Jun 27 06:05:56 UTC 2026: Daily automated update for DevSync compliance.
Sun Jun 28 06:40:53 UTC 2026: Daily automated update for DevSync compliance.
Mon Jun 29 07:10:21 UTC 2026: Daily automated update for DevSync compliance.
Tue Jun 30 06:36:08 UTC 2026: Daily automated update for DevSync compliance.
Wed Jul  1 06:49:10 UTC 2026: Daily automated update for DevSync compliance.
Thu Jul  2 06:13:11 UTC 2026: Daily automated update for DevSync compliance.
Fri Jul  3 06:06:42 UTC 2026: Daily automated update for DevSync compliance.
Sat Jul  4 05:57:15 UTC 2026: Daily automated update for DevSync compliance.
Sun Jul  5 06:22:05 UTC 2026: Daily automated update for DevSync compliance.
Mon Jul  6 06:50:05 UTC 2026: Daily automated update for DevSync compliance.
Tue Jul  7 06:27:20 UTC 2026: Daily automated update for DevSync compliance.
Wed Jul  8 05:33:52 UTC 2026: Daily automated update for DevSync compliance.
Thu Jul  9 06:25:53 UTC 2026: Daily automated update for DevSync compliance.
Fri Jul 10 06:23:53 UTC 2026: Daily automated update for DevSync compliance.
Sat Jul 11 05:24:08 UTC 2026: Daily automated update for DevSync compliance.
Sun Jul 12 05:40:14 UTC 2026: Daily automated update for DevSync compliance.
Mon Jul 13 05:50:26 UTC 2026: Daily automated update for DevSync compliance.
Tue Jul 14 05:12:02 UTC 2026: Daily automated update for DevSync compliance.
Wed Jul 15 05:12:07 UTC 2026: Daily automated update for DevSync compliance.
Thu Jul 16 05:22:35 UTC 2026: Daily automated update for DevSync compliance.
